backbone rwg_rn50: d = 2048, task epochs = 10, train mode = rwg

waterbirds/train  n = 4795
  eps = P(g=1) = 0.0501
  P(y=1 | g=0) = 0.2321   P(y=1 | g=1) = 0.2333
  cells (y, attr):
    y=0:  attr=0    3498   attr=1     184
    y=1:  attr=0      56   attr=1    1057
  smallest cell = 56   <-- BELOW 200; cell-conditional estimates will be refused
  training (rwg) ...
  train mode rwg: cell sizes [3498, 184, 1057, 56], weights [0.343, 6.515, 1.134, 21.406]
  shuffle = True
    epoch 1/10  ce 0.4328  acc 0.8006
    epoch 2/10  ce 0.5644  acc 0.6832
    epoch 3/10  ce 0.4587  acc 0.8006
    epoch 4/10  ce 0.4774  acc 0.8186
    epoch 5/10  ce 0.4423  acc 0.8192
    epoch 6/10  ce 0.3571  acc 0.8611
    epoch 7/10  ce 0.2141  acc 0.9233
    epoch 8/10  ce 0.2753  acc 0.8966
    epoch 9/10  ce 0.4319  acc 0.8086
    epoch 10/10  ce 0.2527  acc 0.9109
  saved trained backbone to models/waterbirds_rwg_rn50.pt

waterbirds/train  n = 4795
  eps = P(g=1) = 0.0501
  P(y=1 | g=0) = 0.2321   P(y=1 | g=1) = 0.2333
  cells (y, attr):
    y=0:  attr=0    3498   attr=1     184
    y=1:  attr=0      56   attr=1    1057
  smallest cell = 56   <-- BELOW 200; cell-conditional estimates will be refused
  embedding 4795 images ...
  embedding: 100%|██████████| 75/75 [00:13<00:00,  5.71batch/s]
  wrote features_v2_waterbirds_rwg_rn50_train.npz  phi (4795, 2048)  eps = 0.0501

waterbirds/val  n = 1199
  eps = P(g=1) = 0.4996
  P(y=1 | g=0) = 0.2217   P(y=1 | g=1) = 0.2220
  cells (y, attr):
    y=0:  attr=0     467   attr=1     466
    y=1:  attr=0     133   attr=1     133
  smallest cell = 133   <-- BELOW 200; cell-conditional estimates will be refused
  embedding 1199 images ...
  embedding: 100%|██████████| 19/19 [00:07<00:00,  2.65batch/s]
  wrote features_v2_waterbirds_rwg_rn50_val.npz  phi (1199, 2048)  eps = 0.4996

waterbirds/test  n = 5794
  eps = P(g=1) = 0.5000
  P(y=1 | g=0) = 0.2216   P(y=1 | g=1) = 0.2216
  cells (y, attr):
    y=0:  attr=0    2255   attr=1    2255
    y=1:  attr=0     642   attr=1     642
  smallest cell = 642
  embedding 5794 images ...
  embedding: 100%|██████████| 91/91 [00:21<00:00,  4.17batch/s]
  wrote features_v2_waterbirds_rwg_rn50_test.npz  phi (5794, 2048)  eps = 0.5000
