backbone dinov2: d = 768, task epochs = 0, train mode = erm

waterbirds/train  n = 4795
  eps = P(g=1) = 0.0501
  P(y=1 | g=0) = 0.2321   P(y=1 | g=1) = 0.2333
  cells (y, attr):
    y=0:  attr=0    3498   attr=1     184
    y=1:  attr=0      56   attr=1    1057
  smallest cell = 56   <-- BELOW 200; cell-conditional estimates will be refused
  embedding 4795 images ...
  embedding: 100%|██████████| 75/75 [04:28<00:00,  3.58s/batch]
  wrote features_v2_waterbirds_dinov2_train.npz  phi (4795, 768)  eps = 0.0501

waterbirds/val  n = 1199
  eps = P(g=1) = 0.4996
  P(y=1 | g=0) = 0.2217   P(y=1 | g=1) = 0.2220
  cells (y, attr):
    y=0:  attr=0     467   attr=1     466
    y=1:  attr=0     133   attr=1     133
  smallest cell = 133   <-- BELOW 200; cell-conditional estimates will be refused
  embedding 1199 images ...
  embedding: 100%|██████████| 19/19 [01:07<00:00,  3.53s/batch]
  wrote features_v2_waterbirds_dinov2_val.npz  phi (1199, 768)  eps = 0.4996

waterbirds/test  n = 5794
  eps = P(g=1) = 0.5000
  P(y=1 | g=0) = 0.2216   P(y=1 | g=1) = 0.2216
  cells (y, attr):
    y=0:  attr=0    2255   attr=1    2255
    y=1:  attr=0     642   attr=1     642
  smallest cell = 642
  embedding 5794 images ...
  embedding: 100%|██████████| 91/91 [04:25<00:00,  2.92s/batch]
  wrote features_v2_waterbirds_dinov2_test.npz  phi (5794, 768)  eps = 0.5000
