bundles:   0%|          | 0/4 [00:00<?, ?bundle/s][celeba_clip] loading features_celeba_clip_train.npz

  sizes celeba_clip:   0%|          | 0/3 [00:00<?, ?size/s][A
  sizes celeba_clip:  33%|███▎      | 1/3 [10:54<21:48, 654.43s/size][A
  sizes celeba_clip:  67%|██████▋   | 2/3 [17:50<08:34, 514.16s/size][A
  sizes celeba_clip: 100%|██████████| 3/3 [27:01<00:00, 540.45s/size]
bundles:  25%|██▌       | 1/4 [27:06<1:21:20, 1626.72s/bundle]  wrote ./features_celeba_clip_n5000_train.npz  cells {'y=-1,g=0': 2200, 'y=-1,g=1': 2054, 'y=1,g=0': 703, 'y=1,g=1': 43}
  separable=False  margin=0  [LP proof (max margin is 0), 653.6s]
  wrote ./features_celeba_clip_n10000_train.npz  cells {'y=-1,g=0': 4401, 'y=-1,g=1': 4108, 'y=1,g=0': 1406, 'y=1,g=1': 85}
  separable=False  margin=0  [LP proof (max margin is 0), 414.3s]
  wrote ./features_celeba_clip_n20000_train.npz  cells {'y=-1,g=0': 8801, 'y=-1,g=1': 8217, 'y=1,g=0': 2811, 'y=1,g=1': 171}
  separable=False  margin=0  [LP proof (max margin is 0), 547.6s]
[celeba_dinov2] loading features_celeba_dinov2_train.npz

  sizes celeba_dinov2:   0%|          | 0/3 [00:00<?, ?size/s][A
  sizes celeba_dinov2:  33%|███▎      | 1/3 [11:01<22:03, 661.62s/size][A
  sizes celeba_dinov2:  67%|██████▋   | 2/3 [21:57<10:57, 657.98s/size][A
  sizes celeba_dinov2: 100%|██████████| 3/3 [32:55<00:00, 658.35s/size]
bundles:  50%|█████     | 2/4 [1:00:08<1:01:10, 1835.35s/bundle]  wrote ./features_celeba_dinov2_n5000_train.npz  cells {'y=-1,g=0': 2200, 'y=-1,g=1': 2054, 'y=1,g=0': 703, 'y=1,g=1': 43}
  separable=None  margin=nan  [851 violations left; LP hit time limit, 660.4s]
  wrote ./features_celeba_dinov2_n10000_train.npz  cells {'y=-1,g=0': 4401, 'y=-1,g=1': 4108, 'y=1,g=0': 1406, 'y=1,g=1': 85}
  separable=None  margin=nan  [1797 violations left; LP hit time limit, 653.0s]
  wrote ./features_celeba_dinov2_n20000_train.npz  cells {'y=-1,g=0': 8801, 'y=-1,g=1': 8217, 'y=1,g=0': 2811, 'y=1,g=1': 171}
  separable=None  margin=nan  [3681 violations left; LP hit time limit, 653.1s]
[celeba_erm_rn50] loading features_celeba_erm_rn50_train.npz

  sizes celeba_erm_rn50:   0%|          | 0/3 [00:00<?, ?size/s][A
  sizes celeba_erm_rn50:  33%|███▎      | 1/3 [06:27<12:55, 387.99s/size][A
  sizes celeba_erm_rn50:  67%|██████▋   | 2/3 [13:11<06:37, 397.03s/size][A
  sizes celeba_erm_rn50: 100%|██████████| 3/3 [20:33<00:00, 411.02s/size]
bundles:  75%|███████▌  | 3/4 [1:20:54<26:06, 1566.33s/bundle]    wrote ./features_celeba_erm_rn50_n5000_train.npz  cells {'y=-1,g=0': 2200, 'y=-1,g=1': 2054, 'y=1,g=0': 703, 'y=1,g=1': 43}
  separable=True  margin=0.02569  [logistic (constructive), 385.6s]
  wrote ./features_celeba_erm_rn50_n10000_train.npz  cells {'y=-1,g=0': 4401, 'y=-1,g=1': 4108, 'y=1,g=0': 1406, 'y=1,g=1': 85}
  separable=True  margin=0.006463  [logistic (constructive), 398.7s]
  wrote ./features_celeba_erm_rn50_n20000_train.npz  cells {'y=-1,g=0': 8801, 'y=-1,g=1': 8217, 'y=1,g=0': 2811, 'y=1,g=1': 171}
  separable=True  margin=0.001235  [logistic (constructive), 432.4s]
[celeba_under_rn50] loading features_celeba_under_rn50_train.npz

  sizes celeba_under_rn50:   0%|          | 0/3 [00:00<?, ?size/s][A
  sizes celeba_under_rn50:  33%|███▎      | 1/3 [06:33<13:07, 393.78s/size][A
  sizes celeba_under_rn50:  67%|██████▋   | 2/3 [13:25<06:44, 404.26s/size][A
  sizes celeba_under_rn50: 100%|██████████| 3/3 [50:34<00:00, 1011.63s/size]
bundles: 100%|██████████| 4/4 [2:11:42<00:00, 1975.70s/bundle]
  wrote ./features_celeba_under_rn50_n5000_train.npz  cells {'y=-1,g=0': 2200, 'y=-1,g=1': 2054, 'y=1,g=0': 703, 'y=1,g=1': 43}
  separable=True  margin=0.008284  [logistic (constructive), 391.3s]
  wrote ./features_celeba_under_rn50_n10000_train.npz  cells {'y=-1,g=0': 4401, 'y=-1,g=1': 4108, 'y=1,g=0': 1406, 'y=1,g=1': 85}
  separable=True  margin=0.000463  [logistic (constructive), 406.7s]
  wrote ./features_celeba_under_rn50_n20000_train.npz  cells {'y=-1,g=0': 8801, 'y=-1,g=1': 8217, 'y=1,g=0': 2811, 'y=1,g=1': 171}
  separable=None  margin=nan  [323 violations left; LP hit time limit, 2219.7s]
## CelebA nested subsamples -- separability of the full subsample

Through the origin (no intercept). margin = min_i y_i w.x_i / ||w|| for the separator found; a lower bound on the maximum margin. 'LP proof' = proven.

| bundle | n | n_min (g=1) | separable | margin | decided by | cells |
|---|---|---|---|---|---|---|
| celeba_clip_n5000_train | 5000 | 2097 | **no** | 0 | LP proof (max margin is 0) | {'y=-1,g=0': 2200, 'y=-1,g=1': 2054, 'y=1,g=0': 703, 'y=1,g=1': 43} |
| celeba_clip_n10000_train | 10000 | 4193 | **no** | 0 | LP proof (max margin is 0) | {'y=-1,g=0': 4401, 'y=-1,g=1': 4108, 'y=1,g=0': 1406, 'y=1,g=1': 85} |
| celeba_clip_n20000_train | 20000 | 8388 | **no** | 0 | LP proof (max margin is 0) | {'y=-1,g=0': 8801, 'y=-1,g=1': 8217, 'y=1,g=0': 2811, 'y=1,g=1': 171} |
| celeba_dinov2_n5000_train | 5000 | 2097 | ? | -- | 851 violations left; LP hit time limit | {'y=-1,g=0': 2200, 'y=-1,g=1': 2054, 'y=1,g=0': 703, 'y=1,g=1': 43} |
| celeba_dinov2_n10000_train | 10000 | 4193 | ? | -- | 1797 violations left; LP hit time limit | {'y=-1,g=0': 4401, 'y=-1,g=1': 4108, 'y=1,g=0': 1406, 'y=1,g=1': 85} |
| celeba_dinov2_n20000_train | 20000 | 8388 | ? | -- | 3681 violations left; LP hit time limit | {'y=-1,g=0': 8801, 'y=-1,g=1': 8217, 'y=1,g=0': 2811, 'y=1,g=1': 171} |
| celeba_erm_rn50_n5000_train | 5000 | 2097 | yes | 0.02569 | logistic (constructive) | {'y=-1,g=0': 2200, 'y=-1,g=1': 2054, 'y=1,g=0': 703, 'y=1,g=1': 43} |
| celeba_erm_rn50_n10000_train | 10000 | 4193 | yes | 0.006463 | logistic (constructive) | {'y=-1,g=0': 4401, 'y=-1,g=1': 4108, 'y=1,g=0': 1406, 'y=1,g=1': 85} |
| celeba_erm_rn50_n20000_train | 20000 | 8388 | yes | 0.001235 | logistic (constructive) | {'y=-1,g=0': 8801, 'y=-1,g=1': 8217, 'y=1,g=0': 2811, 'y=1,g=1': 171} |
| celeba_under_rn50_n5000_train | 5000 | 2097 | yes | 0.008284 | logistic (constructive) | {'y=-1,g=0': 2200, 'y=-1,g=1': 2054, 'y=1,g=0': 703, 'y=1,g=1': 43} |
| celeba_under_rn50_n10000_train | 10000 | 4193 | yes | 0.000463 | logistic (constructive) | {'y=-1,g=0': 4401, 'y=-1,g=1': 4108, 'y=1,g=0': 1406, 'y=1,g=1': 85} |
| celeba_under_rn50_n20000_train | 20000 | 8388 | ? | -- | 323 violations left; LP hit time limit | {'y=-1,g=0': 8801, 'y=-1,g=1': 8217, 'y=1,g=0': 2811, 'y=1,g=1': 171} |

